0 silly argv {
0 silly argv   _: [ 'run' ],
0 silly argv   stream: true,
0 silly argv   lernaVersion: '9.0.4',
0 silly argv   '$0': '/Users/gauravpant/Documents/ACTECAL/projects/Viewers/node_modules/.bin/lerna',
0 silly argv   script: 'build:viewer'
0 silly argv }
1 notice cli v9.0.4
2 verbose packageConfigs Explicit "packages" configuration found in lerna.json. Resolving packages using the configured glob(s): ["extensions/*","platform/*","modes/*","addOns/externals/*"]
3 verbose rootPath /Users/gauravpant/Documents/ACTECAL/projects/Viewers
4 error The "nx/js/dependencies-and-lockfile" plugin threw an error while creating dependencies: Target project does not exist: npm:core-js@2.6.12
4 error     Error: Target project does not exist: npm:core-js@2.6.12
4 error         at validateCommonDependencyRules (/Users/gauravpant/Documents/ACTECAL/projects/Viewers/node_modules/nx/dist/src/project-graph/project-graph-builder.js:323:15)
4 error         at validateDependency (/Users/gauravpant/Documents/ACTECAL/projects/Viewers/node_modules/nx/dist/src/project-graph/project-graph-builder.js:314:5)
4 error         at ProjectGraphBuilder.addDependency (/Users/gauravpant/Documents/ACTECAL/projects/Viewers/node_modules/nx/dist/src/project-graph/project-graph-builder.js:191:9)
4 error         at /Users/gauravpant/Documents/ACTECAL/projects/Viewers/node_modules/nx/dist/src/project-graph/build-project-graph.js:214:25
4 error         at process.processTicksAndRejections (node:internal/process/task_queues:95:5)
4 error         at async Promise.all (index 0)
4 error         at async updateProjectGraphWithPlugins (/Users/gauravpant/Documents/ACTECAL/projects/Viewers/node_modules/nx/dist/src/project-graph/build-project-graph.js:202:5)
4 error         at async buildProjectGraphUsingContext (/Users/gauravpant/Documents/ACTECAL/projects/Viewers/node_modules/nx/dist/src/project-graph/build-project-graph.js:143:24)
4 error         at async buildProjectGraphUsingProjectFileMap (/Users/gauravpant/Documents/ACTECAL/projects/Viewers/node_modules/nx/dist/src/project-graph/build-project-graph.js:95:24)
